[backblue.gif]
[fade.gif]
[index.html]
[hemingwayapp.com/img/favicon/apple-touch-icon-57x57.png]
[hemingwayapp.com/img/favicon/apple-touch-icon-114x114.png]
[hemingwayapp.com/img/favicon/apple-touch-icon-72x72.png]
[hemingwayapp.com/img/favicon/apple-touch-icon-144x144.png]
[hemingwayapp.com/img/favicon/apple-touch-icon-60x60.png]
[hemingwayapp.com/img/favicon/apple-touch-icon-120x120.png]
[hemingwayapp.com/img/favicon/apple-touch-icon-76x76.png]
[hemingwayapp.com/img/favicon/apple-touch-icon-152x152.png]
[hemingwayapp.com/img/favicon/favicon-196x196.png]
[hemingwayapp.com/img/favicon/favicon-96x96.png]
[hemingwayapp.com/img/favicon/favicon-32x32.png]
[hemingwayapp.com/img/favicon/favicon-16x16.png]
[hemingwayapp.com/img/favicon/favicon-128.png]
[hemingwayapp.com/img/favicon/mstile-144x144.png]
[hemingwayapp.com/img/favicon/mstile-70x70.png]
[hemingwayapp.com/img/favicon/mstile-150x150.png]
[hemingwayapp.com/img/favicon/mstile-310x150.png]
[hemingwayapp.com/img/favicon/mstile-310x310.png]
[hemingwayapp.com/vendor/polyfill.min.js]
[hemingwayapp.com/img/just-released.png]
[hemingwayapp.com/build/hemingway3-web.js]
[hemingwayapp.com/index.html]
[hemingwayapp.com/vendor/draft.css]
[hemingwayapp.com/build/stylesheets/base.css]
[hemingwayapp.com/img/logo.png]
[hemingwayapp.com/help.html]
[hemingwayapp.com/desktop/img/apple-logo.png]
[hemingwayapp.com/desktop/img/windows-logo.png]
[hemingwayapp.com/desktop/img/editing5.gif]
[hemingwayapp.com/desktop/img/dock.png]
[hemingwayapp.com/desktop/img/toolbar3.png]
[hemingwayapp.com/desktop/img/publish.png]
[hemingwayapp.com/desktop/img/code3.png]
[hemingwayapp.com/desktop/img/menu.png]
[hemingwayapp.com/desktop/img/pdf2.png]
[hemingwayapp.com/desktop.html]
[hemingwayapp.com/img/favicon.html]
[hemingwayapp.com/desktop/img/hem-header-full3.jpg]
[hemingwayapp.com/desktop/img/screen-mba.png]
[hemingwayapp.com/desktop/img/knitted.png]
[hemingwayapp.com/desktop/css/desktop.css]
